<?xml version="1.0" encoding="UTF-8"?><testsuites name="schematron-01.xspec"><testsuite name="schematron-01" tests="3" failures="0"><testcase name="article should have a title not assert a001" status="passed"/><testcase name="section should have a title assert a002 /article[1]/section[2]" status="passed"/><testcase name="section should have a title assert a002 /article[1]/section[3]" status="passed"/></testsuite></testsuites>