<?xml version="1.0" encoding="UTF-8"?><testsuites name="xspec-pending.xspec"><testsuite name="a correct scenario in x:pending must be Pending" tests="1" failures="0"><testcase name="it would return Success if it were not Pending" status="skipped"><skipped>testing x:pending</skipped></testcase></testsuite><testsuite name="an incorrect scenario in x:pending must be Pending" tests="1" failures="0"><testcase name="it would return Failure if it were not Pending" status="skipped"><skipped>testing x:pending</skipped></testcase></testsuite><testsuite name="a non-pending correct scenario alongside a pending scenario" tests="1" failures="0"><testcase name="must execute the test and return Success" status="passed"/></testsuite><testsuite name="a non-pending incorrect scenario alongside a pending scenario" tests="1" failures="1"><testcase name="must execute the test and return Failure" status="failed"><failure message="expect assertion failed">Expected: </failure></testcase></testsuite><testsuite name="a correct scenario with @pending must be Pending" tests="1" failures="0"><testcase name="it would return Success if it were not Pending" status="skipped"><skipped>testing @pending</skipped></testcase></testsuite><testsuite name="an incorrect scenario with @pending must be Pending" tests="1" failures="0"><testcase name="it would return Failure if it were not Pending" status="skipped"><skipped>testing @pending</skipped></testcase></testsuite></testsuites>