<?xml version="1.0" encoding="UTF-8"?><testsuites name="xspec-imported.xspec"><testsuite name="a correct scenario in an imported file" tests="1" failures="0"><testcase name="must return Success" status="passed"/></testsuite><testsuite name="an incorrect scenario in an imported file" tests="1" failures="1"><testcase name="must return Failure" status="failed"><failure message="expect assertion failed">Expected: </failure></testcase></testsuite></testsuites>