<?xml version="1.0" encoding="UTF-8"?><testsuites name="xspec-55.xspec"><testsuite name="In a failure report HTML" tests="3" failures="3"><testcase name="[Expected Result] must represent xs:decimal(1) by &#34;1.0&#34; (numeric literal of&#xA;&#x9;&#x9;&#x9;&#x9;decimal)" status="failed"><failure message="expect assertion failed">Expected: </failure></testcase><testcase name="[Expected Result] must represent xs:double(1) by &#34;xs:double('1')&#34; (constructor&#xA;&#x9;&#x9;&#x9;&#x9;of double)" status="failed"><failure message="expect assertion failed">Expected: </failure></testcase><testcase name="[Expected Result] must represent xs:integer(1) by &#34;1&#34; (numeric literal of&#xA;&#x9;&#x9;&#x9;&#x9;integer)" status="failed"><failure message="expect assertion failed">Expected: </failure></testcase></testsuite></testsuites>