<?xml version="1.0" encoding="UTF-8"?><testsuites name="xspec-xslt2.xspec"><testsuite name="With 2 text nodes" tests="7" failures="5"><testcase name="Result should be text nodes" status="passed"/><testcase name="Result count should be 2" status="passed"/><testcase name="All of these tests should be Success on xslt-version=1.0 and Failure on 2.0 Comparing the text nodes with string" status="failed"><failure message="expect assertion failed">Expected: </failure></testcase><testcase name="All of these tests should be Success on xslt-version=1.0 and Failure on 2.0 Comparing the text nodes with double" status="failed"><failure message="expect assertion failed">Expected: </failure></testcase><testcase name="All of these tests should be Success on xslt-version=1.0 and Failure on 2.0 Comparing the text nodes with decimal" status="failed"><failure message="expect assertion failed">Expected: </failure></testcase><testcase name="All of these tests should be Success on xslt-version=1.0 and Failure on 2.0 Comparing the text nodes with integer" status="failed"><failure message="expect assertion failed">Expected: </failure></testcase><testcase name="All of these tests should be Success on xslt-version=1.0 and Failure on 2.0 Expecting the compiled stylesheet to have version=1.0" status="failed"><failure message="expect assertion failed">Expected: </failure></testcase></testsuite></testsuites>