<?xml version="1.0" encoding="UTF-8"?><testsuites name="xspec-function.xspec"><testsuite name="when calling a function and expecting correctly" tests="2" failures="0"><testcase name="expecting the correct value must return Success" status="passed"/><testcase name="expecting the correct type must return Success" status="passed"/></testsuite><testsuite name="when calling a function and expecting incorrectly" tests="2" failures="2"><testcase name="expecting an incorrect value must return Failure" status="failed"><failure message="expect assertion failed">Expected: </failure></testcase><testcase name="expecting an incorrect type must return Failure" status="failed"><failure message="expect assertion failed">Expected: </failure></testcase></testsuite></testsuites>