<?xml version="1.0" encoding="UTF-8"?><testsuites name="xspec-focus-1.xspec"><testsuite name="an unfocused correct scenario must be Pending" tests="1" failures="0"><testcase name="it would return Success if it were not Pending" status="skipped"><skipped>testing @focus</skipped></testcase></testsuite><testsuite name="an unfocused incorrect scenario must be Pending" tests="1" failures="0"><testcase name="it would return Failure if it were not Pending" status="skipped"><skipped>testing @focus</skipped></testcase></testsuite><testsuite name="a focused correct scenario" tests="1" failures="0"><testcase name="must execute the test and return Success" status="passed"/></testsuite><testsuite name="a focused incorrect scenario" tests="1" failures="1"><testcase name="must execute the test and return Failure" status="failed"><failure message="expect assertion failed">Expected: </failure></testcase></testsuite></testsuites>