<?xml version="1.0" encoding="UTF-8"?><testsuites name="xspec-rule.xspec"><testsuite name="x:context with correct x:expect" tests="1" failures="0"><testcase name="must return Success" status="passed"/></testsuite><testsuite name="x:context with incorrect x:expect" tests="1" failures="1"><testcase name="must return Failure" status="failed"><failure message="expect assertion failed">&lt;x:expect xmlns:xsl="http://www.w3.org/1999/XSL/Transform" xmlns:xs="http://www.w3.org/2001/XMLSchema" xmlns:test="http://www.jenitennison.com/xslt/unit-test" xmlns:x="http://www.jenitennison.com/xslt/xspec" xmlns:t="http://www.jenitennison.com/xslt/xspec"&gt;
            &lt;erroneous/&gt;
         &lt;/x:expect&gt;</failure></testcase></testsuite><testsuite name="x:apply with correct x:expect" tests="1" failures="0"><testcase name="must return Success" status="skipped"><skipped>not implemented yet</skipped></testcase></testsuite><testsuite name="x:apply with incorrect x:expect" tests="1" failures="0"><testcase name="must return Failure" status="skipped"><skipped>not implemented yet</skipped></testcase></testsuite></testsuites>