<?xml version="1.0" encoding="UTF-8"?><testsuites name="xspec-import.xspec"><testsuite name="when testing a correct scenario in an importing file" tests="2" failures="0"><testcase name="expecting the correct result must return Success" status="passed"/><testcase name="expecting the correct type must return Success" status="passed"/></testsuite><testsuite name="when testing an incorrect scenario in an importing file" tests="1" failures="1"><testcase name="it must return Failure" status="failed"><failure message="expect assertion failed">Expected: </failure></testcase></testsuite><testsuite name="a correct scenario in an imported file" tests="1" failures="0"><testcase name="must return Success" status="passed"/></testsuite><testsuite name="an incorrect scenario in an imported file" tests="1" failures="1"><testcase name="must return Failure" status="failed"><failure message="expect assertion failed">Expected: </failure></testcase></testsuite></testsuites>